---
source: tool/src/js/structs.rs
expression: out_texts.get(out).unwrap()
---
import { u8, u16, u32 } from "./diplomat-runtime"

export class NonOpaqueStruct {
  a: u16;
  b: u8;
  c: u32;
}

