---
source: tool/src/js/conversions.rs
expression: out_texts.get(out).unwrap()
---
import { Scalar } from "./Scalar";

export class Point {
  x: Scalar;
  y: Scalar;

  get_x(): Scalar;
}

