---
source: tool/src/js/conversions.rs
expression: out_texts.get(out).unwrap()
---
export { FFIError } from './diplomat-runtime.js';
export { Point } from './Point.js';
export { PointTranspose } from './PointTranspose.js';
export { Scalar } from './Scalar.js';

