---
source: tool/src/js/structs.rs
expression: out_texts.get(out).unwrap()
---
import { NonOpaqueStruct } from "./NonOpaqueStruct";

export class MyStruct {

  get_non_opaque(): NonOpaqueStruct;
}

