---
source: tool/src/js/types.rs
expression: out_texts.get(out).unwrap()
---
import wasm from "./wasm.mjs"
import * as diplomatRuntime from "./diplomat-runtime.mjs"
const diplomat_alloc_destroy_registry = new FinalizationRegistry(obj => {
  wasm.diplomat_free(obj["ptr"], obj["size"], obj["align"]);
});

const MyStruct_box_destroy_registry = new FinalizationRegistry(underlying => {
  wasm.MyStruct_destroy(underlying);
});

export class MyStruct {
  constructor(underlying) {
    this.underlying = underlying;
  }

  static new(v) {
    let v_diplomat_str = diplomatRuntime.RcAlloc.str(v);
    const diplomat_out = (() => {
      const diplomat_receive_buffer = wasm.diplomat_alloc(2, 1);
      wasm.MyStruct_new(diplomat_receive_buffer, v_diplomat_str.ptr, v_diplomat_str.size);
      const out = new MyStruct(diplomat_receive_buffer);
      diplomat_alloc_destroy_registry.register(out, {
        ptr: out.underlying,
        size: 2,
        align: 1,
      });
      return out;
    })();
    v_diplomat_str.free();
    return diplomat_out;
  }

  get a() {
    return (new Uint8Array(wasm.memory.buffer, this.underlying + 0, 1))[0];
  }

  get b() {
    return (new Uint8Array(wasm.memory.buffer, this.underlying + 1, 1))[0];
  }
}

