---
source: tool/src/js/types.rs
expression: out_texts.get(out).unwrap()
---

export class MyStruct {
  a: number;
  b: number;

  something(): void;
}

