---
source: tool/src/js/conversions.rs
expression: out_texts.get(out).unwrap()
---
import wasm from "./wasm.mjs"
import * as diplomatRuntime from "./diplomat-runtime.mjs"
const diplomat_alloc_destroy_registry = new FinalizationRegistry(obj => {
  wasm.diplomat_free(obj["ptr"], obj["size"], obj["align"]);
});

export class Line {
  constructor(underlying) {
    this.start = new Point(underlying);
    this.end = new Point(underlying + 8);
  }

  do_stuff() {
    const field_start_this = this["start"];
    const field_x_field_start_this = field_start_this["x"];
    const field_y_field_start_this = field_start_this["y"];
    const field_end_this = this["end"];
    const field_x_field_end_this = field_end_this["x"];
    const field_y_field_end_this = field_end_this["y"];
    wasm.Line_do_stuff(field_x_field_start_this, field_y_field_start_this, field_x_field_end_this, field_y_field_end_this);
  }
}

export class Point {
  constructor(underlying) {
    this.x = (new Int32Array(wasm.memory.buffer, underlying, 1))[0];
    this.y = (new Int32Array(wasm.memory.buffer, underlying + 4, 1))[0];
  }
}

