---
source: tool/src/js/types.rs
expression: out_texts.get(out).unwrap()
---
export { FFIError } from './diplomat-runtime.js';
export { MyOpaqueStruct } from './MyOpaqueStruct.js';
export { MyStruct } from './MyStruct.js';

