---
source: tool/src/js/structs.rs
expression: out_texts.get(out).unwrap()
---
/**
 * An error that occurred in Rust.
 */
export class FFIError<E> extends Error {
    error_value: E;
}
