---
source: tool/src/js/types.rs
expression: out_texts.get(out).unwrap()
---
import { u8 } from "./diplomat-runtime"
import { FFIError } from "./diplomat-runtime"

export class MyStruct {
  a: u8;
  b: u8;

  static new(): MyStruct | never;
}

