---
source: tool/src/js/conversions.rs
expression: out_texts.get(out).unwrap()
---
import wasm from "./wasm.mjs"
import * as diplomatRuntime from "./diplomat-runtime.mjs"
const diplomat_alloc_destroy_registry = new FinalizationRegistry(obj => {
  wasm.diplomat_free(obj["ptr"], obj["size"], obj["align"]);
});

const BorrowingOpaque_box_destroy_registry = new FinalizationRegistry(underlying => {
  wasm.BorrowingOpaque_destroy(underlying);
});

export class BorrowingOpaque {
  constructor(underlying, edges, owned) {
    this.underlying = underlying;
    this.__edges_lifetime_guard = edges;
    if (owned) {
      BorrowingOpaque_box_destroy_registry.register(this, underlying);
    }
  }
}

export class BorrowingStruct {
  constructor(underlying, edges_a) {
    this.opaque = new BorrowingOpaque(diplomatRuntime.ptrRead(wasm, underlying), [...edges_a], true);
    this.x = (new Uint8Array(wasm.memory.buffer, underlying + 4, 1))[0];
  }

  static new(arg_opaque) {
    return (() => {
      const diplomat_receive_buffer = wasm.diplomat_alloc(5, 4);
      wasm.BorrowingStruct_new(diplomat_receive_buffer, arg_opaque.underlying);
      const out = new BorrowingStruct(diplomat_receive_buffer, [arg_opaque]);
      wasm.diplomat_free(diplomat_receive_buffer, 5, 4);
      return out;
    })();
  }
}

