---
source: tool/src/js/types.rs
expression: out_texts.get(out).unwrap()
---

export class MyOpaqueStruct {
}

