---
source: tool/src/js/conversions.rs
expression: out_texts.get(out).unwrap()
---
export { FFIError } from './diplomat-runtime.js';
export { Line } from './Line.js';
export { Point } from './Point.js';

