---
source: tool/src/js/conversions.rs
expression: out_texts.get(out).unwrap()
---

export class MyStruct {
  s: string;

  static new(s: string): MyStruct;

  get(): string;
}

