---
source: tool/src/js/structs.rs
expression: out_texts.get(out).unwrap()
---
export { FFIError } from './diplomat-runtime.js';
export { MyStruct } from './MyStruct.js';
export { NonOpaqueStruct } from './NonOpaqueStruct.js';

