---
source: tool/src/js/conversions.rs
expression: out_texts.get(out).unwrap()
---

export class Point {
  x: number;
  y: number;
}

